// Jest Snapshot v1, https://goo.gl/fbAQLP

exports[`Holdings tests Holdings renders correctly 1`] = `
<ContextConsumer>
  <Component />
</ContextConsumer>
`;

exports[`Holdings tests Holdings renders correctly with error 1`] = `
<TouchableText
  accessible={true}
  allowFontScaling={true}
  ellipsizeMode="tail"
  forwardedRef={null}
>
  Error! 
  Network connection failed 
   
</TouchableText>
`;

exports[`Holdings tests Holdings renders correctly with portfolio and stocks 1`] = `
<ContextConsumer>
  <Component />
</ContextConsumer>
`;
