// Jest Snapshot v1, https://goo.gl/fbAQLP

exports[`portfolio tests PortfolioScreen renders correctly with portfolio and stocks 1`] = `
<_class
  refreshControl={
    <RefreshControlMock
      colors={
        Array [
          "#004D40",
        ]
      }
      onRefresh={[Function]}
      refreshing={false}
    />
  }
>
  <RefreshControlMock
    colors={
      Array [
        "#004D40",
      ]
    }
    onRefresh={[Function]}
    refreshing={false}
  />
  <View>
    <Themed.Card
      containerStyle={
        Object {
          "flex": 1,
          "margin": 0,
          "paddingBottom": 31.388235294117646,
          "paddingLeft": 34.285714285714285,
          "paddingRight": 34.285714285714285,
          "paddingTop": 31.388235294117646,
        }
      }
    >
      <Component
        loading={false}
        portfolio={
          Object {
            "balance": 500,
            "lastDayRevenue": 0,
            "name": "Portfolio1",
            "ownerId": "Joooni",
            "stocks": Array [
              Object {
                "amount": 245,
                "avgPrice": 153.3,
                "lastDayRevenue": 0.52,
                "totalMarketValue": 2084,
                "totalRevenue": 0.54,
                "uid": "AMZN",
              },
              Object {
                "amount": 340,
                "avgPrice": 132,
                "lastDayRevenue": 0.52,
                "totalMarketValue": 2084,
                "totalRevenue": 0.54,
                "uid": "AAPL",
              },
            ],
            "totalMarketValue": 5000,
            "totalRevenue": -0.02,
            "uid": "Portfolio1",
          }
        }
        stocks={
          Array [
            Object {
              "close": 293.42,
              "currency": "USD",
              "high": 375.53,
              "low": 354.38,
              "name": "Apple",
              "revenue": 3894.34,
              "stockInfo": Object {
                "historyData": Object {
                  "fetchTime": 2018-12-17T01:24:00.000Z,
                  "historyDataQuote": Array [
                    Object {
                      "close": 162.63,
                      "date": "2018-12-15T00:00:00.000Z",
                      "high": 170.43,
                      "low": 165.43,
                      "open": 170.4,
                      "symbol": "AAPL",
                      "volume": 12279994,
                    },
                    Object {
                      "close": 168.63,
                      "date": "2018-12-14T00:00:00.000Z",
                      "high": 170.43,
                      "low": 161.43,
                      "open": 170.4,
                      "symbol": "AAPL",
                      "volume": 12279994,
                    },
                  ],
                },
                "historyError": undefined,
                "historyLoading": false,
                "intraError": undefined,
                "intraLoading": false,
                "intraday": Object {
                  "fetchTime": 2018-12-17T01:24:00.000Z,
                  "intradayQuote": Array [
                    Object {
                      "close": 168.63,
                      "date": "2018-12-12T00:20:00.000Z",
                      "high": 170.43,
                      "low": 165.43,
                      "open": 170.4,
                      "symbol": "AAPL",
                      "volume": 12279994,
                    },
                    Object {
                      "close": 168.63,
                      "date": "2018-12-12T00:10:00.000Z",
                      "high": 170.43,
                      "low": 165.43,
                      "open": 170.4,
                      "symbol": "AAPL",
                      "volume": 12279994,
                    },
                  ],
                },
                "metaError": undefined,
                "metaLoading": false,
                "refreshing": false,
                "stockMetadata": Object {
                  "currency": "USD",
                  "fetchTime": 2018-12-17T01:24:00.000Z,
                  "marketClose": "2018-12-12 11:20:00",
                  "marketOpen": "2018-12-12 11:20:00",
                  "name": "Apple Inc.",
                  "region": "string",
                  "symbol": "AAPL",
                  "timeZone": "US/Eastern",
                  "type": "string",
                },
              },
              "symbol": "AAPL",
            },
          ]
        }
      />
    </Themed.Card>
    <Themed.Card
      containerStyle={
        Object {
          "flex": 1,
          "margin": 0,
          "paddingBottom": 31.388235294117646,
          "paddingLeft": 34.285714285714285,
          "paddingRight": 34.285714285714285,
          "paddingTop": 31.388235294117646,
        }
      }
    />
    <Themed.Card
      containerStyle={
        Object {
          "flex": 1,
          "margin": 0,
          "paddingBottom": 31.388235294117646,
          "paddingLeft": 34.285714285714285,
          "paddingRight": 34.285714285714285,
          "paddingTop": 31.388235294117646,
        }
      }
    >
      <Holdings
        portfolio={
          Object {
            "balance": 500,
            "lastDayRevenue": 0,
            "name": "Portfolio1",
            "ownerId": "Joooni",
            "stocks": Array [
              Object {
                "amount": 245,
                "avgPrice": 153.3,
                "lastDayRevenue": 0.52,
                "totalMarketValue": 2084,
                "totalRevenue": 0.54,
                "uid": "AMZN",
              },
              Object {
                "amount": 340,
                "avgPrice": 132,
                "lastDayRevenue": 0.52,
                "totalMarketValue": 2084,
                "totalRevenue": 0.54,
                "uid": "AAPL",
              },
            ],
            "totalMarketValue": 5000,
            "totalRevenue": -0.02,
            "uid": "Portfolio1",
          }
        }
        portfolioLoading={false}
        stocks={
          Array [
            Object {
              "close": 293.42,
              "currency": "USD",
              "high": 375.53,
              "low": 354.38,
              "name": "Apple",
              "revenue": 3894.34,
              "stockInfo": Object {
                "historyData": Object {
                  "fetchTime": 2018-12-17T01:24:00.000Z,
                  "historyDataQuote": Array [
                    Object {
                      "close": 162.63,
                      "date": "2018-12-15T00:00:00.000Z",
                      "high": 170.43,
                      "low": 165.43,
                      "open": 170.4,
                      "symbol": "AAPL",
                      "volume": 12279994,
                    },
                    Object {
                      "close": 168.63,
                      "date": "2018-12-14T00:00:00.000Z",
                      "high": 170.43,
                      "low": 161.43,
                      "open": 170.4,
                      "symbol": "AAPL",
                      "volume": 12279994,
                    },
                  ],
                },
                "historyError": undefined,
                "historyLoading": false,
                "intraError": undefined,
                "intraLoading": false,
                "intraday": Object {
                  "fetchTime": 2018-12-17T01:24:00.000Z,
                  "intradayQuote": Array [
                    Object {
                      "close": 168.63,
                      "date": "2018-12-12T00:20:00.000Z",
                      "high": 170.43,
                      "low": 165.43,
                      "open": 170.4,
                      "symbol": "AAPL",
                      "volume": 12279994,
                    },
                    Object {
                      "close": 168.63,
                      "date": "2018-12-12T00:10:00.000Z",
                      "high": 170.43,
                      "low": 165.43,
                      "open": 170.4,
                      "symbol": "AAPL",
                      "volume": 12279994,
                    },
                  ],
                },
                "metaError": undefined,
                "metaLoading": false,
                "refreshing": false,
                "stockMetadata": Object {
                  "currency": "USD",
                  "fetchTime": 2018-12-17T01:24:00.000Z,
                  "marketClose": "2018-12-12 11:20:00",
                  "marketOpen": "2018-12-12 11:20:00",
                  "name": "Apple Inc.",
                  "region": "string",
                  "symbol": "AAPL",
                  "timeZone": "US/Eastern",
                  "type": "string",
                },
              },
              "symbol": "AAPL",
            },
          ]
        }
        stocksLoading={false}
      />
    </Themed.Card>
    <Themed.Card
      containerStyle={
        Object {
          "height": 109.85882352941177,
          "margin": 0,
        }
      }
    >
      <CardButton
        iconName="events"
        onPress={[Function]}
        translationTitle="PortfolioPage.Events"
      />
    </Themed.Card>
    <Themed.Card
      containerStyle={
        Object {
          "height": 109.85882352941177,
          "margin": 0,
        }
      }
    >
      <CardButton
        iconName="manage"
        onPress={[Function]}
        translationTitle="PortfolioPage.Manage"
      />
    </Themed.Card>
  </View>
</_class>
`;

exports[`portfolio tests Portfolioscreen renders correctly 1`] = `
<TouchableText
  accessible={true}
  allowFontScaling={true}
  ellipsizeMode="tail"
  forwardedRef={null}
>
  Error, portfolio not found! 
</TouchableText>
`;
