// Jest Snapshot v1, https://goo.gl/fbAQLP

exports[`portfolioInfo tests PortfolioInfo renders correctly 1`] = `
<Text>
  Error! 
   
</Text>
`;

exports[`portfolioInfo tests PortfolioInfo renders correctly with portfolio and stocks 1`] = `
<View>
  <View
    style={
      Object {
        "display": "flex",
        "flex": 1,
        "flexDirection": "row",
      }
    }
  >
    <Text
      style={
        Object {
          "color": "#004D40",
          "fontSize": 34,
          "fontWeight": "bold",
          "marginBottom": 32,
        }
      }
    >
      Portfolio1
    </Text>
  </View>
  <View
    style={
      Object {
        "display": "flex",
        "flex": 1,
        "flexDirection": "row",
      }
    }
  >
    <View
      style={
        Object {
          "flex": 0.8,
          "flexDirection": "column",
        }
      }
    >
      <Text
        style={
          Object {
            "color": "#004D40",
            "fontSize": 24,
            "marginBottom": 0,
            "textAlign": "justify",
          }
        }
      >
        Market value
      </Text>
      <Text
        style={
          Object {
            "color": "#004D40",
            "fontSize": 27.46470588235294,
            "fontWeight": "bold",
            "marginBottom": 15.694117647058823,
            "marginTop": -3.9235294117647057,
            "textAlign": "justify",
          }
        }
      >
        4500 $
      </Text>
      <Text
        style={
          Object {
            "color": "#004D40",
            "fontSize": 24,
            "marginBottom": 0,
            "textAlign": "justify",
          }
        }
      >
        Cash
      </Text>
      <Text
        style={
          Object {
            "color": "#004D40",
            "fontSize": 27.46470588235294,
            "fontWeight": "bold",
            "marginBottom": 15.694117647058823,
            "marginTop": -3.9235294117647057,
            "textAlign": "justify",
          }
        }
      >
        500 $
         
      </Text>
    </View>
    <View
      style={
        Object {
          "flex": 0.4,
          "flexDirection": "column",
          "marginTop": 12.857142857142858,
          "textAlign": "center",
        }
      }
    >
      <Text
        style={
          Object {
            "color": "#004D40",
            "fontSize": 85.71428571428571,
          }
        }
      >
        }
      </Text>
    </View>
    <View
      style={
        Object {
          "flex": 1,
          "flexDirection": "column",
          "marginTop": 42.857142857142854,
          "textAlign": "center",
        }
      }
    >
      <Text
        style={
          Object {
            "color": "#004D40",
            "fontSize": 24,
            "marginBottom": 0,
            "textAlign": "justify",
          }
        }
      >
        Total Value
      </Text>
      <Text
        style={
          Object {
            "color": "#004D40",
            "fontSize": 27.46470588235294,
            "fontWeight": "bold",
            "marginBottom": 15.694117647058823,
            "marginTop": -3.9235294117647057,
            "textAlign": "justify",
          }
        }
      >
        5000 $
      </Text>
    </View>
    <View
      style={
        Object {
          "alignItems": "center",
          "flex": 0.8,
          "flexDirection": "column",
          "marginTop": 42.857142857142854,
          "textAlign": "center",
        }
      }
    >
      <Text
        style={
          Object {
            "color": "#004D40",
            "fontSize": 24,
            "marginBottom": 0,
            "textAlign": "justify",
          }
        }
      >
        Revenue today
      </Text>
      <Text
        style={
          Object {
            "color": "#54c242",
            "fontSize": 36,
            "fontWeight": "bold",
            "textAlign": "center",
          }
        }
      >
        +0.00 %
      </Text>
    </View>
  </View>
</View>
`;
