// Jest Snapshot v1, https://goo.gl/fbAQLP

exports[`stock tests Stockscreen renders correctly 1`] = `
<ContextConsumer>
  <Component />
</ContextConsumer>
`;

exports[`stock tests Stockscreen renders correctly with error 1`] = `
<ContextConsumer>
  <Component />
</ContextConsumer>
`;

exports[`stock tests Stockscreen renders correctly with stock 1`] = `
<ContextConsumer>
  <Component />
</ContextConsumer>
`;
