// Jest Snapshot v1, https://goo.gl/fbAQLP

exports[`portfolio-list tests renders correctly 1`] = `
<RCTScrollView
  data={Array []}
  disableVirtualization={false}
  getItem={[Function]}
  getItemCount={[Function]}
  horizontal={false}
  initialNumToRender={10}
  keyExtractor={[Function]}
  maxToRenderPerBatch={10}
  numColumns={1}
  onContentSizeChange={[Function]}
  onEndReachedThreshold={2}
  onLayout={[Function]}
  onMomentumScrollEnd={[Function]}
  onScroll={[Function]}
  onScrollBeginDrag={[Function]}
  onScrollEndDrag={[Function]}
  renderItem={[Function]}
  scrollEventThrottle={50}
  stickyHeaderIndices={Array []}
  updateCellsBatchingPeriod={50}
  viewabilityConfigCallbackPairs={Array []}
  windowSize={21}
>
  <View />
</RCTScrollView>
`;

exports[`portfolio-list tests renders correctly with error 1`] = `
<Text>
  Error! 
  Network connection failed
   
</Text>
`;

exports[`portfolio-list tests renders correctly with loading 1`] = `
<View>
  <ActivityIndicator
    animating={true}
    color="#999999"
    hidesWhenStopped={true}
    size="large"
  />
</View>
`;

exports[`portfolio-list tests renders correctly with portfolio 1`] = `
<RCTScrollView
  data={
    Array [
      Object {
        "balance": 500,
        "lastDayRevenue": 0.23,
        "name": "Portfolio1",
        "ownerId": "Jooni",
        "portfolioInfo": Object {
          "error": undefined,
          "loading": false,
          "portfolio": Object {
            "balance": 500,
            "lastDayRevenue": 0,
            "name": "Portfolio1",
            "ownerId": "Joooni",
            "stocks": Array [
              Object {
                "amount": 245,
                "avgPrice": 153.3,
                "lastDayRevenue": 0.52,
                "totalMarketValue": 2084,
                "totalRevenue": 0.54,
                "uid": "AMZN",
              },
              Object {
                "amount": 340,
                "avgPrice": 132,
                "lastDayRevenue": 0.52,
                "totalMarketValue": 2084,
                "totalRevenue": 0.54,
                "uid": "AAPL",
              },
            ],
            "totalMarketValue": 5000,
            "totalRevenue": -0.02,
            "uid": "Portfolio1",
          },
          "refreshing": false,
        },
        "totalMarketValue": 0.53,
        "totalRevenue": 0.25,
        "uid": "Portfolio1",
      },
    ]
  }
  disableVirtualization={false}
  getItem={[Function]}
  getItemCount={[Function]}
  horizontal={false}
  initialNumToRender={10}
  keyExtractor={[Function]}
  maxToRenderPerBatch={10}
  numColumns={1}
  onContentSizeChange={[Function]}
  onEndReachedThreshold={2}
  onLayout={[Function]}
  onMomentumScrollEnd={[Function]}
  onScroll={[Function]}
  onScrollBeginDrag={[Function]}
  onScrollEndDrag={[Function]}
  renderItem={[Function]}
  scrollEventThrottle={50}
  stickyHeaderIndices={Array []}
  updateCellsBatchingPeriod={50}
  viewabilityConfigCallbackPairs={Array []}
  windowSize={21}
>
  <View>
    <View
      onLayout={[Function]}
      style={null}
    >
      <View
        accessible={true}
        isTVSelectable={true}
        onResponderGrant={[Function]}
        onResponderMove={[Function]}
        onResponderRelease={[Function]}
        onResponderTerminate={[Function]}
        onResponderTerminationRequest={[Function]}
        onStartShouldSetResponder={[Function]}
        style={null}
      >
        <View
          style={
            Object {
              "alignItems": "center",
              "backgroundColor": "white",
              "borderColor": "#bcbbc1",
              "flexDirection": "row",
              "padding": 14,
            }
          }
        >
          <View
            style={
              Object {
                "flex": 1,
                "justifyContent": "center",
              }
            }
          >
            <Text
              style={
                Object {
                  "backgroundColor": "transparent",
                  "fontSize": 17,
                }
              }
              testID="listItemTitle"
              theme={
                Object {
                  "colors": Object {
                    "divider": "#bcbbc1",
                    "error": "#ff190c",
                    "grey0": "#393e42",
                    "grey1": "#43484d",
                    "grey2": "#5e6977",
                    "grey3": "#86939e",
                    "grey4": "#bdc6cf",
                    "grey5": "#e1e8ee",
                    "greyOutline": "#bbb",
                    "primary": "#2089dc",
                    "searchBg": "#303337",
                    "secondary": "#8F0CE8",
                  },
                }
              }
            >
              Portfolio1
            </Text>
          </View>
        </View>
      </View>
    </View>
  </View>
</RCTScrollView>
`;
